     1 00000000                                 [FORMAT "WCOFF"]
     2 00000000                                 [INSTRSET "i486p"]
     3 00000000                                 [OPTIMIZE 1]
     4 00000000                                 [OPTION 1]
     5 00000000                                 [BITS 32]
     6 00000000                                 	EXTERN	_io_hlt
     7 00000000                                 	EXTERN	_io_load_eflags
     8 00000000                                 	EXTERN	_io_cli
     9 00000000                                 	EXTERN	_io_out8
    10 00000000                                 	EXTERN	_io_store_eflags
    11 00000000                                 [FILE "bootpack.c"]
    12                                          [SECTION .text]
    13 00000000                                 	ALIGN	2
    14 00000000                                 	GLOBAL	_HariMain
    15 00000000                                 _HariMain:
    16 00000000 55                              	PUSH	EBP
    17 00000001 89 E5                           	MOV	EBP,ESP
    18 00000003 83 EC 18                        	SUB	ESP,24
    19 00000006 E8 0000024F                     	CALL	_init_palette
    20 0000000B C7 45 FC 000A0000               	MOV	DWORD [-4+EBP],655360
    21 00000012 C7 45 F8 00000140               	MOV	DWORD [-8+EBP],320
    22 00000019 C7 45 F4 000000C8               	MOV	DWORD [-12+EBP],200
    23 00000020 83 EC 04                        	SUB	ESP,4
    24 00000023 8B 45 F4                        	MOV	EAX,DWORD [-12+EBP]
    25 00000026 48                              	DEC	EAX
    26 00000027 50                              	PUSH	EAX
    27 00000028 8B 45 F8                        	MOV	EAX,DWORD [-8+EBP]
    28 0000002B 48                              	DEC	EAX
    29 0000002C 50                              	PUSH	EAX
    30 0000002D 6A 00                           	PUSH	0
    31 0000002F 6A 00                           	PUSH	0
    32 00000031 6A 0E                           	PUSH	14
    33 00000033 FF 75 F8                        	PUSH	DWORD [-8+EBP]
    34 00000036 FF 75 FC                        	PUSH	DWORD [-4+EBP]
    35 00000039 E8 000002EA                     	CALL	_boxfill8
    36 0000003E 83 C4 20                        	ADD	ESP,32
    37 00000041 83 EC 04                        	SUB	ESP,4
    38 00000044 8B 45 F4                        	MOV	EAX,DWORD [-12+EBP]
    39 00000047 83 E8 1C                        	SUB	EAX,28
    40 0000004A 50                              	PUSH	EAX
    41 0000004B 8B 45 F8                        	MOV	EAX,DWORD [-8+EBP]
    42 0000004E 48                              	DEC	EAX
    43 0000004F 50                              	PUSH	EAX
    44 00000050 8B 45 F4                        	MOV	EAX,DWORD [-12+EBP]
    45 00000053 83 E8 1C                        	SUB	EAX,28
    46 00000056 50                              	PUSH	EAX
    47 00000057 6A 00                           	PUSH	0
    48 00000059 6A 08                           	PUSH	8
    49 0000005B FF 75 F8                        	PUSH	DWORD [-8+EBP]
    50 0000005E FF 75 FC                        	PUSH	DWORD [-4+EBP]
    51 00000061 E8 000002C2                     	CALL	_boxfill8
    52 00000066 83 C4 20                        	ADD	ESP,32
    53 00000069 83 EC 04                        	SUB	ESP,4
    54 0000006C 8B 45 F4                        	MOV	EAX,DWORD [-12+EBP]
    55 0000006F 83 E8 1B                        	SUB	EAX,27
    56 00000072 50                              	PUSH	EAX
    57 00000073 8B 45 F8                        	MOV	EAX,DWORD [-8+EBP]
    58 00000076 48                              	DEC	EAX
    59 00000077 50                              	PUSH	EAX
    60 00000078 8B 45 F4                        	MOV	EAX,DWORD [-12+EBP]
    61 0000007B 83 E8 1B                        	SUB	EAX,27
    62 0000007E 50                              	PUSH	EAX
    63 0000007F 6A 00                           	PUSH	0
    64 00000081 6A 07                           	PUSH	7
    65 00000083 FF 75 F8                        	PUSH	DWORD [-8+EBP]
    66 00000086 FF 75 FC                        	PUSH	DWORD [-4+EBP]
    67 00000089 E8 0000029A                     	CALL	_boxfill8
    68 0000008E 83 C4 20                        	ADD	ESP,32
    69 00000091 83 EC 04                        	SUB	ESP,4
    70 00000094 8B 45 F4                        	MOV	EAX,DWORD [-12+EBP]
    71 00000097 83 E8 1A                        	SUB	EAX,26
    72 0000009A 50                              	PUSH	EAX
    73 0000009B 8B 45 F8                        	MOV	EAX,DWORD [-8+EBP]
    74 0000009E 48                              	DEC	EAX
    75 0000009F 50                              	PUSH	EAX
    76 000000A0 8B 45 F4                        	MOV	EAX,DWORD [-12+EBP]
    77 000000A3 83 E8 1A                        	SUB	EAX,26
    78 000000A6 50                              	PUSH	EAX
    79 000000A7 6A 00                           	PUSH	0
    80 000000A9 6A 08                           	PUSH	8
    81 000000AB FF 75 F8                        	PUSH	DWORD [-8+EBP]
    82 000000AE FF 75 FC                        	PUSH	DWORD [-4+EBP]
    83 000000B1 E8 00000272                     	CALL	_boxfill8
    84 000000B6 83 C4 20                        	ADD	ESP,32
    85 000000B9 83 EC 04                        	SUB	ESP,4
    86 000000BC 8B 45 F4                        	MOV	EAX,DWORD [-12+EBP]
    87 000000BF 83 E8 18                        	SUB	EAX,24
    88 000000C2 50                              	PUSH	EAX
    89 000000C3 6A 3B                           	PUSH	59
    90 000000C5 8B 45 F4                        	MOV	EAX,DWORD [-12+EBP]
    91 000000C8 83 E8 18                        	SUB	EAX,24
    92 000000CB 50                              	PUSH	EAX
    93 000000CC 6A 03                           	PUSH	3
    94 000000CE 6A 07                           	PUSH	7
    95 000000D0 FF 75 F8                        	PUSH	DWORD [-8+EBP]
    96 000000D3 FF 75 FC                        	PUSH	DWORD [-4+EBP]
    97 000000D6 E8 0000024D                     	CALL	_boxfill8
    98 000000DB 83 C4 20                        	ADD	ESP,32
    99 000000DE 83 EC 04                        	SUB	ESP,4
   100 000000E1 8B 45 F4                        	MOV	EAX,DWORD [-12+EBP]
   101 000000E4 83 E8 04                        	SUB	EAX,4
   102 000000E7 50                              	PUSH	EAX
   103 000000E8 6A 02                           	PUSH	2
   104 000000EA 8B 45 F4                        	MOV	EAX,DWORD [-12+EBP]
   105 000000ED 83 E8 18                        	SUB	EAX,24
   106 000000F0 50                              	PUSH	EAX
   107 000000F1 6A 02                           	PUSH	2
   108 000000F3 6A 07                           	PUSH	7
   109 000000F5 FF 75 F8                        	PUSH	DWORD [-8+EBP]
   110 000000F8 FF 75 FC                        	PUSH	DWORD [-4+EBP]
   111 000000FB E8 00000228                     	CALL	_boxfill8
   112 00000100 83 C4 20                        	ADD	ESP,32
   113 00000103 83 EC 04                        	SUB	ESP,4
   114 00000106 8B 45 F4                        	MOV	EAX,DWORD [-12+EBP]
   115 00000109 83 E8 04                        	SUB	EAX,4
   116 0000010C 50                              	PUSH	EAX
   117 0000010D 6A 3B                           	PUSH	59
   118 0000010F 8B 45 F4                        	MOV	EAX,DWORD [-12+EBP]
   119 00000112 83 E8 04                        	SUB	EAX,4
   120 00000115 50                              	PUSH	EAX
   121 00000116 6A 03                           	PUSH	3
   122 00000118 6A 0F                           	PUSH	15
   123 0000011A FF 75 F8                        	PUSH	DWORD [-8+EBP]
   124 0000011D FF 75 FC                        	PUSH	DWORD [-4+EBP]
   125 00000120 E8 00000203                     	CALL	_boxfill8
   126 00000125 83 C4 20                        	ADD	ESP,32
   127 00000128 83 EC 04                        	SUB	ESP,4
   128 0000012B 8B 45 F4                        	MOV	EAX,DWORD [-12+EBP]
   129 0000012E 83 E8 05                        	SUB	EAX,5
   130 00000131 50                              	PUSH	EAX
   131 00000132 6A 3B                           	PUSH	59
   132 00000134 8B 45 F4                        	MOV	EAX,DWORD [-12+EBP]
   133 00000137 83 E8 17                        	SUB	EAX,23
   134 0000013A 50                              	PUSH	EAX
   135 0000013B 6A 3B                           	PUSH	59
   136 0000013D 6A 0F                           	PUSH	15
   137 0000013F FF 75 F8                        	PUSH	DWORD [-8+EBP]
   138 00000142 FF 75 FC                        	PUSH	DWORD [-4+EBP]
   139 00000145 E8 000001DE                     	CALL	_boxfill8
   140 0000014A 83 C4 20                        	ADD	ESP,32
   141 0000014D 83 EC 04                        	SUB	ESP,4
   142 00000150 8B 45 F4                        	MOV	EAX,DWORD [-12+EBP]
   143 00000153 83 E8 03                        	SUB	EAX,3
   144 00000156 50                              	PUSH	EAX
   145 00000157 6A 3B                           	PUSH	59
   146 00000159 8B 45 F4                        	MOV	EAX,DWORD [-12+EBP]
   147 0000015C 83 E8 03                        	SUB	EAX,3
   148 0000015F 50                              	PUSH	EAX
   149 00000160 6A 02                           	PUSH	2
   150 00000162 6A 00                           	PUSH	0
   151 00000164 FF 75 F8                        	PUSH	DWORD [-8+EBP]
   152 00000167 FF 75 FC                        	PUSH	DWORD [-4+EBP]
   153 0000016A E8 000001B9                     	CALL	_boxfill8
   154 0000016F 83 C4 20                        	ADD	ESP,32
   155 00000172 83 EC 04                        	SUB	ESP,4
   156 00000175 8B 45 F4                        	MOV	EAX,DWORD [-12+EBP]
   157 00000178 83 E8 03                        	SUB	EAX,3
   158 0000017B 50                              	PUSH	EAX
   159 0000017C 6A 3C                           	PUSH	60
   160 0000017E 8B 45 F4                        	MOV	EAX,DWORD [-12+EBP]
   161 00000181 83 E8 18                        	SUB	EAX,24
   162 00000184 50                              	PUSH	EAX
   163 00000185 6A 3C                           	PUSH	60
   164 00000187 6A 00                           	PUSH	0
   165 00000189 FF 75 F8                        	PUSH	DWORD [-8+EBP]
   166 0000018C FF 75 FC                        	PUSH	DWORD [-4+EBP]
   167 0000018F E8 00000194                     	CALL	_boxfill8
   168 00000194 83 C4 20                        	ADD	ESP,32
   169 00000197 83 EC 04                        	SUB	ESP,4
   170 0000019A 8B 45 F4                        	MOV	EAX,DWORD [-12+EBP]
   171 0000019D 83 E8 18                        	SUB	EAX,24
   172 000001A0 50                              	PUSH	EAX
   173 000001A1 8B 45 F8                        	MOV	EAX,DWORD [-8+EBP]
   174 000001A4 83 E8 04                        	SUB	EAX,4
   175 000001A7 50                              	PUSH	EAX
   176 000001A8 8B 45 F4                        	MOV	EAX,DWORD [-12+EBP]
   177 000001AB 83 E8 18                        	SUB	EAX,24
   178 000001AE 50                              	PUSH	EAX
   179 000001AF 8B 45 F8                        	MOV	EAX,DWORD [-8+EBP]
   180 000001B2 83 E8 2F                        	SUB	EAX,47
   181 000001B5 50                              	PUSH	EAX
   182 000001B6 6A 0F                           	PUSH	15
   183 000001B8 FF 75 F8                        	PUSH	DWORD [-8+EBP]
   184 000001BB FF 75 FC                        	PUSH	DWORD [-4+EBP]
   185 000001BE E8 00000165                     	CALL	_boxfill8
   186 000001C3 83 C4 20                        	ADD	ESP,32
   187 000001C6 83 EC 04                        	SUB	ESP,4
   188 000001C9 8B 45 F4                        	MOV	EAX,DWORD [-12+EBP]
   189 000001CC 83 E8 04                        	SUB	EAX,4
   190 000001CF 50                              	PUSH	EAX
   191 000001D0 8B 45 F8                        	MOV	EAX,DWORD [-8+EBP]
   192 000001D3 83 E8 2F                        	SUB	EAX,47
   193 000001D6 50                              	PUSH	EAX
   194 000001D7 8B 45 F4                        	MOV	EAX,DWORD [-12+EBP]
   195 000001DA 83 E8 17                        	SUB	EAX,23
   196 000001DD 50                              	PUSH	EAX
   197 000001DE 8B 45 F8                        	MOV	EAX,DWORD [-8+EBP]
   198 000001E1 83 E8 2F                        	SUB	EAX,47
   199 000001E4 50                              	PUSH	EAX
   200 000001E5 6A 0F                           	PUSH	15
   201 000001E7 FF 75 F8                        	PUSH	DWORD [-8+EBP]
   202 000001EA FF 75 FC                        	PUSH	DWORD [-4+EBP]
   203 000001ED E8 00000136                     	CALL	_boxfill8
   204 000001F2 83 C4 20                        	ADD	ESP,32
   205 000001F5 83 EC 04                        	SUB	ESP,4
   206 000001F8 8B 45 F4                        	MOV	EAX,DWORD [-12+EBP]
   207 000001FB 83 E8 03                        	SUB	EAX,3
   208 000001FE 50                              	PUSH	EAX
   209 000001FF 8B 45 F8                        	MOV	EAX,DWORD [-8+EBP]
   210 00000202 83 E8 04                        	SUB	EAX,4
   211 00000205 50                              	PUSH	EAX
   212 00000206 8B 45 F4                        	MOV	EAX,DWORD [-12+EBP]
   213 00000209 83 E8 03                        	SUB	EAX,3
   214 0000020C 50                              	PUSH	EAX
   215 0000020D 8B 45 F8                        	MOV	EAX,DWORD [-8+EBP]
   216 00000210 83 E8 2F                        	SUB	EAX,47
   217 00000213 50                              	PUSH	EAX
   218 00000214 6A 07                           	PUSH	7
   219 00000216 FF 75 F8                        	PUSH	DWORD [-8+EBP]
   220 00000219 FF 75 FC                        	PUSH	DWORD [-4+EBP]
   221 0000021C E8 00000107                     	CALL	_boxfill8
   222 00000221 83 C4 20                        	ADD	ESP,32
   223 00000224 83 EC 04                        	SUB	ESP,4
   224 00000227 8B 45 F4                        	MOV	EAX,DWORD [-12+EBP]
   225 0000022A 83 E8 03                        	SUB	EAX,3
   226 0000022D 50                              	PUSH	EAX
   227 0000022E 8B 45 F8                        	MOV	EAX,DWORD [-8+EBP]
   228 00000231 83 E8 03                        	SUB	EAX,3
   229 00000234 50                              	PUSH	EAX
   230 00000235 8B 45 F4                        	MOV	EAX,DWORD [-12+EBP]
   231 00000238 83 E8 18                        	SUB	EAX,24
   232 0000023B 50                              	PUSH	EAX
   233 0000023C 8B 45 F8                        	MOV	EAX,DWORD [-8+EBP]
   234 0000023F 83 E8 03                        	SUB	EAX,3
   235 00000242 50                              	PUSH	EAX
   236 00000243 6A 07                           	PUSH	7
   237 00000245 FF 75 F8                        	PUSH	DWORD [-8+EBP]
   238 00000248 FF 75 FC                        	PUSH	DWORD [-4+EBP]
   239 0000024B E8 000000D8                     	CALL	_boxfill8
   240 00000250 83 C4 20                        	ADD	ESP,32
   241 00000253                                 L2:
   242 00000253 E8 [00000000]                   	CALL	_io_hlt
   243 00000258 EB F9                           	JMP	L2
   244                                          [SECTION .data]
   245 00000000                                 _table_rgb.0:
   246 00000000 00                              	DB	0
   247 00000001 00                              	DB	0
   248 00000002 00                              	DB	0
   249 00000003 FF                              	DB	-1
   250 00000004 00                              	DB	0
   251 00000005 00                              	DB	0
   252 00000006 00                              	DB	0
   253 00000007 FF                              	DB	-1
   254 00000008 00                              	DB	0
   255 00000009 FF                              	DB	-1
   256 0000000A FF                              	DB	-1
   257 0000000B 00                              	DB	0
   258 0000000C 00                              	DB	0
   259 0000000D 00                              	DB	0
   260 0000000E FF                              	DB	-1
   261 0000000F FF                              	DB	-1
   262 00000010 00                              	DB	0
   263 00000011 FF                              	DB	-1
   264 00000012 00                              	DB	0
   265 00000013 FF                              	DB	-1
   266 00000014 FF                              	DB	-1
   267 00000015 FF                              	DB	-1
   268 00000016 FF                              	DB	-1
   269 00000017 FF                              	DB	-1
   270 00000018 C6                              	DB	-58
   271 00000019 C6                              	DB	-58
   272 0000001A C6                              	DB	-58
   273 0000001B 84                              	DB	-124
   274 0000001C 00                              	DB	0
   275 0000001D 00                              	DB	0
   276 0000001E 00                              	DB	0
   277 0000001F 84                              	DB	-124
   278 00000020 00                              	DB	0
   279 00000021 84                              	DB	-124
   280 00000022 84                              	DB	-124
   281 00000023 00                              	DB	0
   282 00000024 00                              	DB	0
   283 00000025 00                              	DB	0
   284 00000026 84                              	DB	-124
   285 00000027 84                              	DB	-124
   286 00000028 00                              	DB	0
   287 00000029 84                              	DB	-124
   288 0000002A 00                              	DB	0
   289 0000002B 84                              	DB	-124
   290 0000002C 84                              	DB	-124
   291 0000002D 84                              	DB	-124
   292 0000002E 84                              	DB	-124
   293 0000002F 84                              	DB	-124
   294                                          [SECTION .text]
   295 0000025A                                 	ALIGN	2
   296 0000025A                                 	GLOBAL	_init_palette
   297 0000025A                                 _init_palette:
   298 0000025A 55                              	PUSH	EBP
   299 0000025B 89 E5                           	MOV	EBP,ESP
   300 0000025D 83 EC 08                        	SUB	ESP,8
   301 00000260 83 EC 04                        	SUB	ESP,4
   302 00000263 68 [00000000]                   	PUSH	_table_rgb.0
   303 00000268 6A 0F                           	PUSH	15
   304 0000026A 6A 00                           	PUSH	0
   305 0000026C E8 00000005                     	CALL	_set_palette
   306 00000271 83 C4 10                        	ADD	ESP,16
   307 00000274 C9                              	LEAVE
   308 00000275 C3                              	RET
   309 00000276                                 	ALIGN	2
   310 00000276                                 	GLOBAL	_set_palette
   311 00000276                                 _set_palette:
   312 00000276 55                              	PUSH	EBP
   313 00000277 89 E5                           	MOV	EBP,ESP
   314 00000279 83 EC 08                        	SUB	ESP,8
   315 0000027C E8 [00000000]                   	CALL	_io_load_eflags
   316 00000281 89 45 F8                        	MOV	DWORD [-8+EBP],EAX
   317 00000284 E8 [00000000]                   	CALL	_io_cli
   318 00000289 83 EC 08                        	SUB	ESP,8
   319 0000028C FF 75 08                        	PUSH	DWORD [8+EBP]
   320 0000028F 68 000003C8                     	PUSH	968
   321 00000294 E8 [00000000]                   	CALL	_io_out8
   322 00000299 83 C4 10                        	ADD	ESP,16
   323 0000029C 8B 45 08                        	MOV	EAX,DWORD [8+EBP]
   324 0000029F 89 45 FC                        	MOV	DWORD [-4+EBP],EAX
   325 000002A2                                 L7:
   326 000002A2 8B 45 FC                        	MOV	EAX,DWORD [-4+EBP]
   327 000002A5 3B 45 0C                        	CMP	EAX,DWORD [12+EBP]
   328 000002A8 7E 02                           	JLE	L10
   329 000002AA EB 6B                           	JMP	L8
   330 000002AC                                 L10:
   331 000002AC 83 EC 08                        	SUB	ESP,8
   332 000002AF 8B 45 10                        	MOV	EAX,DWORD [16+EBP]
   333 000002B2 8A 00                           	MOV	AL,BYTE [EAX]
   334 000002B4 C0 E8 02                        	SHR	AL,2
   335 000002B7 25 000000FF                     	AND	EAX,255
   336 000002BC 50                              	PUSH	EAX
   337 000002BD 68 000003C9                     	PUSH	969
   338 000002C2 E8 [00000000]                   	CALL	_io_out8
   339 000002C7 83 C4 10                        	ADD	ESP,16
   340 000002CA 83 EC 08                        	SUB	ESP,8
   341 000002CD 8B 45 10                        	MOV	EAX,DWORD [16+EBP]
   342 000002D0 40                              	INC	EAX
   343 000002D1 8A 00                           	MOV	AL,BYTE [EAX]
   344 000002D3 C0 E8 02                        	SHR	AL,2
   345 000002D6 25 000000FF                     	AND	EAX,255
   346 000002DB 50                              	PUSH	EAX
   347 000002DC 68 000003C9                     	PUSH	969
   348 000002E1 E8 [00000000]                   	CALL	_io_out8
   349 000002E6 83 C4 10                        	ADD	ESP,16
   350 000002E9 83 EC 08                        	SUB	ESP,8
   351 000002EC 8B 45 10                        	MOV	EAX,DWORD [16+EBP]
   352 000002EF 83 C0 02                        	ADD	EAX,2
   353 000002F2 8A 00                           	MOV	AL,BYTE [EAX]
   354 000002F4 C0 E8 02                        	SHR	AL,2
   355 000002F7 25 000000FF                     	AND	EAX,255
   356 000002FC 50                              	PUSH	EAX
   357 000002FD 68 000003C9                     	PUSH	969
   358 00000302 E8 [00000000]                   	CALL	_io_out8
   359 00000307 83 C4 10                        	ADD	ESP,16
   360 0000030A 8D 45 10                        	LEA	EAX,DWORD [16+EBP]
   361 0000030D 83 00 03                        	ADD	DWORD [EAX],3
   362 00000310 8D 45 FC                        	LEA	EAX,DWORD [-4+EBP]
   363 00000313 FF 00                           	INC	DWORD [EAX]
   364 00000315 EB 8B                           	JMP	L7
   365 00000317                                 L8:
   366 00000317 83 EC 0C                        	SUB	ESP,12
   367 0000031A FF 75 F8                        	PUSH	DWORD [-8+EBP]
   368 0000031D E8 [00000000]                   	CALL	_io_store_eflags
   369 00000322 83 C4 10                        	ADD	ESP,16
   370 00000325 C9                              	LEAVE
   371 00000326 C3                              	RET
   372 00000327 90                              	ALIGN	2
   373 00000328                                 	GLOBAL	_boxfill8
   374 00000328                                 _boxfill8:
   375 00000328 55                              	PUSH	EBP
   376 00000329 89 E5                           	MOV	EBP,ESP
   377 0000032B 83 EC 0C                        	SUB	ESP,12
   378 0000032E 8B 45 10                        	MOV	EAX,DWORD [16+EBP]
   379 00000331 88 45 FF                        	MOV	BYTE [-1+EBP],AL
   380 00000334 8B 45 18                        	MOV	EAX,DWORD [24+EBP]
   381 00000337 89 45 F4                        	MOV	DWORD [-12+EBP],EAX
   382 0000033A                                 L12:
   383 0000033A 8B 45 F4                        	MOV	EAX,DWORD [-12+EBP]
   384 0000033D 3B 45 20                        	CMP	EAX,DWORD [32+EBP]
   385 00000340 7E 02                           	JLE	L15
   386 00000342 EB 32                           	JMP	L11
   387 00000344                                 L15:
   388 00000344 8B 45 14                        	MOV	EAX,DWORD [20+EBP]
   389 00000347 89 45 F8                        	MOV	DWORD [-8+EBP],EAX
   390 0000034A                                 L16:
   391 0000034A 8B 45 F8                        	MOV	EAX,DWORD [-8+EBP]
   392 0000034D 3B 45 1C                        	CMP	EAX,DWORD [28+EBP]
   393 00000350 7E 02                           	JLE	L19
   394 00000352 EB 1B                           	JMP	L14
   395 00000354                                 L19:
   396 00000354 8B 45 F4                        	MOV	EAX,DWORD [-12+EBP]
   397 00000357 0F AF 45 0C                     	IMUL	EAX,DWORD [12+EBP]
   398 0000035B 03 45 F8                        	ADD	EAX,DWORD [-8+EBP]
   399 0000035E 89 C2                           	MOV	EDX,EAX
   400 00000360 03 55 08                        	ADD	EDX,DWORD [8+EBP]
   401 00000363 8A 45 FF                        	MOV	AL,BYTE [-1+EBP]
   402 00000366 88 02                           	MOV	BYTE [EDX],AL
   403 00000368 8D 45 F8                        	LEA	EAX,DWORD [-8+EBP]
   404 0000036B FF 00                           	INC	DWORD [EAX]
   405 0000036D EB DB                           	JMP	L16
   406 0000036F                                 L14:
   407 0000036F 8D 45 F4                        	LEA	EAX,DWORD [-12+EBP]
   408 00000372 FF 00                           	INC	DWORD [EAX]
   409 00000374 EB C4                           	JMP	L12
   410 00000376                                 L11:
   411 00000376 C9                              	LEAVE
   412 00000377 C3                              	RET
