     1 00000000                                 [FORMAT "WCOFF"]
     2 00000000                                 [INSTRSET "i486p"]
     3 00000000                                 [OPTIMIZE 1]
     4 00000000                                 [OPTION 1]
     5 00000000                                 [BITS 32]
     6 00000000                                 	EXTERN	_memman_alloc_4k
     7 00000000                                 	EXTERN	_memman_free_4k
     8 00000000                                 [FILE "sheet.c"]
     9                                          [SECTION .text]
    10 00000000                                 	ALIGN	2
    11 00000000                                 	GLOBAL	_shtctl_init
    12 00000000                                 _shtctl_init:
    13 00000000 55                              	PUSH	EBP
    14 00000001 89 E5                           	MOV	EBP,ESP
    15 00000003 57                              	PUSH	EDI
    16 00000004 56                              	PUSH	ESI
    17 00000005 53                              	PUSH	EBX
    18 00000006 8B 75 08                        	MOV	ESI,DWORD [8+EBP]
    19 00000009 68 00002814                     	PUSH	10260
    20 0000000E 8B 7D 10                        	MOV	EDI,DWORD [16+EBP]
    21 00000011 56                              	PUSH	ESI
    22 00000012 E8 [00000000]                   	CALL	_memman_alloc_4k
    23 00000017 89 C3                           	MOV	EBX,EAX
    24 00000019 58                              	POP	EAX
    25 0000001A 5A                              	POP	EDX
    26 0000001B 85 DB                           	TEST	EBX,EBX
    27 0000001D 74 4A                           	JE	L3
    28 0000001F 8B 45 14                        	MOV	EAX,DWORD [20+EBP]
    29 00000022 0F AF C7                        	IMUL	EAX,EDI
    30 00000025 50                              	PUSH	EAX
    31 00000026 56                              	PUSH	ESI
    32 00000027 E8 [00000000]                   	CALL	_memman_alloc_4k
    33 0000002C 85 C0                           	TEST	EAX,EAX
    34 0000002E 89 43 04                        	MOV	DWORD [4+EBX],EAX
    35 00000031 5A                              	POP	EDX
    36 00000032 59                              	POP	ECX
    37 00000033 74 3E                           	JE	L11
    38 00000035 8B 45 0C                        	MOV	EAX,DWORD [12+EBP]
    39 00000038 89 7B 08                        	MOV	DWORD [8+EBX],EDI
    40 0000003B 89 03                           	MOV	DWORD [EBX],EAX
    41 0000003D 8D 93 000023DC                  	LEA	EDX,DWORD [9180+EBX]
    42 00000043 8B 45 14                        	MOV	EAX,DWORD [20+EBP]
    43 00000046 89 43 0C                        	MOV	DWORD [12+EBX],EAX
    44 00000049 89 D8                           	MOV	EAX,EBX
    45 0000004B C7 43 10 FFFFFFFF               	MOV	DWORD [16+EBX],-1
    46 00000052                                 L9:
    47 00000052 C7 80 00000430 00000000         	MOV	DWORD [1072+EAX],0
    48 0000005C 89 98 00000434                  	MOV	DWORD [1076+EAX],EBX
    49 00000062 83 C0 24                        	ADD	EAX,36
    50 00000065 39 D0                           	CMP	EAX,EDX
    51 00000067 7E E9                           	JLE	L9
    52 00000069                                 L3:
    53 00000069 8D 65 F4                        	LEA	ESP,DWORD [-12+EBP]
    54 0000006C 89 D8                           	MOV	EAX,EBX
    55 0000006E 5B                              	POP	EBX
    56 0000006F 5E                              	POP	ESI
    57 00000070 5F                              	POP	EDI
    58 00000071 5D                              	POP	EBP
    59 00000072 C3                              	RET
    60 00000073                                 L11:
    61 00000073 68 00002814                     	PUSH	10260
    62 00000078 53                              	PUSH	EBX
    63 00000079 56                              	PUSH	ESI
    64 0000007A E8 [00000000]                   	CALL	_memman_free_4k
    65 0000007F 83 C4 0C                        	ADD	ESP,12
    66 00000082 EB E5                           	JMP	L3
    67 00000084                                 	ALIGN	2
    68 00000084                                 	GLOBAL	_sheet_alloc
    69 00000084                                 _sheet_alloc:
    70 00000084 55                              	PUSH	EBP
    71 00000085 31 D2                           	XOR	EDX,EDX
    72 00000087 89 E5                           	MOV	EBP,ESP
    73 00000089 8B 45 08                        	MOV	EAX,DWORD [8+EBP]
    74 0000008C 05 00000414                     	ADD	EAX,1044
    75 00000091                                 L18:
    76 00000091 83 78 1C 00                     	CMP	DWORD [28+EAX],0
    77 00000095 74 10                           	JE	L21
    78 00000097 42                              	INC	EDX
    79 00000098 83 C0 24                        	ADD	EAX,36
    80 0000009B 81 FA 000000FF                  	CMP	EDX,255
    81 000000A1 7E EE                           	JLE	L18
    82 000000A3 31 C0                           	XOR	EAX,EAX
    83 000000A5                                 L12:
    84 000000A5 5D                              	POP	EBP
    85 000000A6 C3                              	RET
    86 000000A7                                 L21:
    87 000000A7 C7 40 1C 00000001               	MOV	DWORD [28+EAX],1
    88 000000AE C7 40 18 FFFFFFFF               	MOV	DWORD [24+EAX],-1
    89 000000B5 EB EE                           	JMP	L12
    90 000000B7 90                              	ALIGN	2
    91 000000B8                                 	GLOBAL	_sheet_setbuf
    92 000000B8                                 _sheet_setbuf:
    93 000000B8 55                              	PUSH	EBP
    94 000000B9 89 E5                           	MOV	EBP,ESP
    95 000000BB 8B 55 08                        	MOV	EDX,DWORD [8+EBP]
    96 000000BE 8B 45 0C                        	MOV	EAX,DWORD [12+EBP]
    97 000000C1 89 02                           	MOV	DWORD [EDX],EAX
    98 000000C3 8B 45 10                        	MOV	EAX,DWORD [16+EBP]
    99 000000C6 89 42 04                        	MOV	DWORD [4+EDX],EAX
   100 000000C9 8B 45 14                        	MOV	EAX,DWORD [20+EBP]
   101 000000CC 89 42 08                        	MOV	DWORD [8+EDX],EAX
   102 000000CF 8B 45 18                        	MOV	EAX,DWORD [24+EBP]
   103 000000D2 89 42 14                        	MOV	DWORD [20+EDX],EAX
   104 000000D5 5D                              	POP	EBP
   105 000000D6 C3                              	RET
   106 000000D7 90                              	ALIGN	2
   107 000000D8                                 	GLOBAL	_sheet_updown
   108 000000D8                                 _sheet_updown:
   109 000000D8 55                              	PUSH	EBP
   110 000000D9 89 E5                           	MOV	EBP,ESP
   111 000000DB 57                              	PUSH	EDI
   112 000000DC 56                              	PUSH	ESI
   113 000000DD 53                              	PUSH	EBX
   114 000000DE 51                              	PUSH	ECX
   115 000000DF 8B 7D 08                        	MOV	EDI,DWORD [8+EBP]
   116 000000E2 8B 5D 0C                        	MOV	EBX,DWORD [12+EBP]
   117 000000E5 8B 77 20                        	MOV	ESI,DWORD [32+EDI]
   118 000000E8 8B 47 18                        	MOV	EAX,DWORD [24+EDI]
   119 000000EB 89 45 F0                        	MOV	DWORD [-16+EBP],EAX
   120 000000EE 8B 46 10                        	MOV	EAX,DWORD [16+ESI]
   121 000000F1 40                              	INC	EAX
   122 000000F2 39 C3                           	CMP	EBX,EAX
   123 000000F4 7E 02                           	JLE	L24
   124 000000F6 89 C3                           	MOV	EBX,EAX
   125 000000F8                                 L24:
   126 000000F8 83 FB FF                        	CMP	EBX,-1
   127 000000FB 7D 03                           	JGE	L25
   128 000000FD 83 CB FF                        	OR	EBX,-1
   129 00000100                                 L25:
   130 00000100 89 5F 18                        	MOV	DWORD [24+EDI],EBX
   131 00000103 39 5D F0                        	CMP	DWORD [-16+EBP],EBX
   132 00000106 0F 8E 000000C9                  	JLE	L26
   133 0000010C 85 DB                           	TEST	EBX,EBX
   134 0000010E 0F 88 0000009C                  	JS	L27
   135 00000114 8B 4D F0                        	MOV	ECX,DWORD [-16+EBP]
   136 00000117                                 L32:
   137 00000117 8B 44 8E 10                     	MOV	EAX,DWORD [16+ESI+ECX*4]
   138 0000011B 89 44 8E 14                     	MOV	DWORD [20+ESI+ECX*4],EAX
   139 0000011F 89 48 18                        	MOV	DWORD [24+EAX],ECX
   140 00000122 49                              	DEC	ECX
   141 00000123 39 D9                           	CMP	ECX,EBX
   142 00000125 7F F0                           	JG	L32
   143 00000127 89 7C 9E 14                     	MOV	DWORD [20+ESI+EBX*4],EDI
   144 0000012B 43                              	INC	EBX
   145 0000012C 53                              	PUSH	EBX
   146 0000012D 8B 4F 10                        	MOV	ECX,DWORD [16+EDI]
   147 00000130 89 C8                           	MOV	EAX,ECX
   148 00000132 03 47 08                        	ADD	EAX,DWORD [8+EDI]
   149 00000135 50                              	PUSH	EAX
   150 00000136 8B 57 0C                        	MOV	EDX,DWORD [12+EDI]
   151 00000139 89 D0                           	MOV	EAX,EDX
   152 0000013B 03 47 04                        	ADD	EAX,DWORD [4+EDI]
   153 0000013E 50                              	PUSH	EAX
   154 0000013F 51                              	PUSH	ECX
   155 00000140 52                              	PUSH	EDX
   156 00000141 56                              	PUSH	ESI
   157 00000142 E8 00000361                     	CALL	_sheet_refreshmap
   158 00000147 FF 75 F0                        	PUSH	DWORD [-16+EBP]
   159 0000014A 53                              	PUSH	EBX
   160 0000014B 8B 4F 10                        	MOV	ECX,DWORD [16+EDI]
   161 0000014E 89 C8                           	MOV	EAX,ECX
   162 00000150 03 47 08                        	ADD	EAX,DWORD [8+EDI]
   163 00000153 50                              	PUSH	EAX
   164 00000154 8B 57 0C                        	MOV	EDX,DWORD [12+EDI]
   165 00000157 89 D0                           	MOV	EAX,EDX
   166 00000159 03 47 04                        	ADD	EAX,DWORD [4+EDI]
   167 0000015C 50                              	PUSH	EAX
   168 0000015D 51                              	PUSH	ECX
   169 0000015E 52                              	PUSH	EDX
   170 0000015F 56                              	PUSH	ESI
   171 00000160 E8 000001DF                     	CALL	_sheet_refreshsub
   172 00000165 83 C4 34                        	ADD	ESP,52
   173 00000168                                 L33:
   174 00000168 6A 00                           	PUSH	0
   175 0000016A 8B 4F 10                        	MOV	ECX,DWORD [16+EDI]
   176 0000016D 89 C8                           	MOV	EAX,ECX
   177 0000016F 03 47 08                        	ADD	EAX,DWORD [8+EDI]
   178 00000172 50                              	PUSH	EAX
   179 00000173 8B 57 0C                        	MOV	EDX,DWORD [12+EDI]
   180 00000176 89 D0                           	MOV	EAX,EDX
   181 00000178 03 47 04                        	ADD	EAX,DWORD [4+EDI]
   182 0000017B 50                              	PUSH	EAX
   183 0000017C 51                              	PUSH	ECX
   184 0000017D 52                              	PUSH	EDX
   185 0000017E 56                              	PUSH	ESI
   186 0000017F E8 00000324                     	CALL	_sheet_refreshmap
   187 00000184 8B 45 F0                        	MOV	EAX,DWORD [-16+EBP]
   188 00000187 48                              	DEC	EAX
   189 00000188 50                              	PUSH	EAX
   190 00000189 6A 00                           	PUSH	0
   191 0000018B                                 L61:
   192 0000018B 8B 4F 10                        	MOV	ECX,DWORD [16+EDI]
   193 0000018E 89 C8                           	MOV	EAX,ECX
   194 00000190 03 47 08                        	ADD	EAX,DWORD [8+EDI]
   195 00000193 50                              	PUSH	EAX
   196 00000194 8B 57 0C                        	MOV	EDX,DWORD [12+EDI]
   197 00000197 89 D0                           	MOV	EAX,EDX
   198 00000199 03 47 04                        	ADD	EAX,DWORD [4+EDI]
   199 0000019C 50                              	PUSH	EAX
   200 0000019D 51                              	PUSH	ECX
   201 0000019E 52                              	PUSH	EDX
   202 0000019F 56                              	PUSH	ESI
   203 000001A0 E8 0000019F                     	CALL	_sheet_refreshsub
   204 000001A5 83 C4 34                        	ADD	ESP,52
   205 000001A8                                 L23:
   206 000001A8 8D 65 F4                        	LEA	ESP,DWORD [-12+EBP]
   207 000001AB 5B                              	POP	EBX
   208 000001AC 5E                              	POP	ESI
   209 000001AD 5F                              	POP	EDI
   210 000001AE 5D                              	POP	EBP
   211 000001AF C3                              	RET
   212 000001B0                                 L27:
   213 000001B0 8B 46 10                        	MOV	EAX,DWORD [16+ESI]
   214 000001B3 3B 45 F0                        	CMP	EAX,DWORD [-16+EBP]
   215 000001B6 7E 18                           	JLE	L34
   216 000001B8 8B 4D F0                        	MOV	ECX,DWORD [-16+EBP]
   217 000001BB 39 C1                           	CMP	ECX,EAX
   218 000001BD 7D 11                           	JGE	L34
   219 000001BF                                 L39:
   220 000001BF 8B 44 8E 18                     	MOV	EAX,DWORD [24+ESI+ECX*4]
   221 000001C3 89 44 8E 14                     	MOV	DWORD [20+ESI+ECX*4],EAX
   222 000001C7 89 48 18                        	MOV	DWORD [24+EAX],ECX
   223 000001CA 41                              	INC	ECX
   224 000001CB 3B 4E 10                        	CMP	ECX,DWORD [16+ESI]
   225 000001CE 7C EF                           	JL	L39
   226 000001D0                                 L34:
   227 000001D0 FF 4E 10                        	DEC	DWORD [16+ESI]
   228 000001D3 EB 93                           	JMP	L33
   229 000001D5                                 L26:
   230 000001D5 39 5D F0                        	CMP	DWORD [-16+EBP],EBX
   231 000001D8 7D CE                           	JGE	L23
   232 000001DA 83 7D F0 00                     	CMP	DWORD [-16+EBP],0
   233 000001DE 78 3D                           	JS	L42
   234 000001E0 8B 4D F0                        	MOV	ECX,DWORD [-16+EBP]
   235 000001E3 39 D9                           	CMP	ECX,EBX
   236 000001E5 7D 10                           	JGE	L58
   237 000001E7                                 L47:
   238 000001E7 8B 44 8E 18                     	MOV	EAX,DWORD [24+ESI+ECX*4]
   239 000001EB 89 44 8E 14                     	MOV	DWORD [20+ESI+ECX*4],EAX
   240 000001EF 89 48 18                        	MOV	DWORD [24+EAX],ECX
   241 000001F2 41                              	INC	ECX
   242 000001F3 39 D9                           	CMP	ECX,EBX
   243 000001F5 7C F0                           	JL	L47
   244 000001F7                                 L58:
   245 000001F7 89 7C 9E 14                     	MOV	DWORD [20+ESI+EBX*4],EDI
   246 000001FB                                 L48:
   247 000001FB 53                              	PUSH	EBX
   248 000001FC 8B 4F 10                        	MOV	ECX,DWORD [16+EDI]
   249 000001FF 89 C8                           	MOV	EAX,ECX
   250 00000201 03 47 08                        	ADD	EAX,DWORD [8+EDI]
   251 00000204 50                              	PUSH	EAX
   252 00000205 8B 57 0C                        	MOV	EDX,DWORD [12+EDI]
   253 00000208 89 D0                           	MOV	EAX,EDX
   254 0000020A 03 47 04                        	ADD	EAX,DWORD [4+EDI]
   255 0000020D 50                              	PUSH	EAX
   256 0000020E 51                              	PUSH	ECX
   257 0000020F 52                              	PUSH	EDX
   258 00000210 56                              	PUSH	ESI
   259 00000211 E8 00000292                     	CALL	_sheet_refreshmap
   260 00000216 53                              	PUSH	EBX
   261 00000217 53                              	PUSH	EBX
   262 00000218 E9 FFFFFF6E                     	JMP	L61
   263 0000021D                                 L42:
   264 0000021D 8B 4E 10                        	MOV	ECX,DWORD [16+ESI]
   265 00000220 39 D9                           	CMP	ECX,EBX
   266 00000222 7C 13                           	JL	L60
   267 00000224                                 L53:
   268 00000224 8B 54 8E 14                     	MOV	EDX,DWORD [20+ESI+ECX*4]
   269 00000228 8D 41 01                        	LEA	EAX,DWORD [1+ECX]
   270 0000022B 89 54 8E 18                     	MOV	DWORD [24+ESI+ECX*4],EDX
   271 0000022F 49                              	DEC	ECX
   272 00000230 89 42 18                        	MOV	DWORD [24+EDX],EAX
   273 00000233 39 D9                           	CMP	ECX,EBX
   274 00000235 7D ED                           	JGE	L53
   275 00000237                                 L60:
   276 00000237 89 7C 9E 14                     	MOV	DWORD [20+ESI+EBX*4],EDI
   277 0000023B FF 46 10                        	INC	DWORD [16+ESI]
   278 0000023E EB BB                           	JMP	L48
   279 00000240                                 	ALIGN	2
   280 00000240                                 	GLOBAL	_sheet_refresh
   281 00000240                                 _sheet_refresh:
   282 00000240 55                              	PUSH	EBP
   283 00000241 89 E5                           	MOV	EBP,ESP
   284 00000243 53                              	PUSH	EBX
   285 00000244 8B 5D 08                        	MOV	EBX,DWORD [8+EBP]
   286 00000247 8B 43 18                        	MOV	EAX,DWORD [24+EBX]
   287 0000024A 85 C0                           	TEST	EAX,EAX
   288 0000024C 78 27                           	JS	L62
   289 0000024E 50                              	PUSH	EAX
   290 0000024F 50                              	PUSH	EAX
   291 00000250 8B 4B 10                        	MOV	ECX,DWORD [16+EBX]
   292 00000253 89 C8                           	MOV	EAX,ECX
   293 00000255 03 4D 10                        	ADD	ECX,DWORD [16+EBP]
   294 00000258 03 45 18                        	ADD	EAX,DWORD [24+EBP]
   295 0000025B 50                              	PUSH	EAX
   296 0000025C 8B 53 0C                        	MOV	EDX,DWORD [12+EBX]
   297 0000025F 89 D0                           	MOV	EAX,EDX
   298 00000261 03 55 0C                        	ADD	EDX,DWORD [12+EBP]
   299 00000264 03 45 14                        	ADD	EAX,DWORD [20+EBP]
   300 00000267 50                              	PUSH	EAX
   301 00000268 51                              	PUSH	ECX
   302 00000269 52                              	PUSH	EDX
   303 0000026A FF 73 20                        	PUSH	DWORD [32+EBX]
   304 0000026D E8 000000D2                     	CALL	_sheet_refreshsub
   305 00000272 83 C4 1C                        	ADD	ESP,28
   306 00000275                                 L62:
   307 00000275 8B 5D FC                        	MOV	EBX,DWORD [-4+EBP]
   308 00000278 C9                              	LEAVE
   309 00000279 C3                              	RET
   310 0000027A                                 	ALIGN	2
   311 0000027A                                 	GLOBAL	_sheet_slide
   312 0000027A                                 _sheet_slide:
   313 0000027A 55                              	PUSH	EBP
   314 0000027B 89 E5                           	MOV	EBP,ESP
   315 0000027D 57                              	PUSH	EDI
   316 0000027E 56                              	PUSH	ESI
   317 0000027F 53                              	PUSH	EBX
   318 00000280 8B 45 0C                        	MOV	EAX,DWORD [12+EBP]
   319 00000283 8B 5D 08                        	MOV	EBX,DWORD [8+EBP]
   320 00000286 8B 7B 0C                        	MOV	EDI,DWORD [12+EBX]
   321 00000289 8B 73 10                        	MOV	ESI,DWORD [16+EBX]
   322 0000028C 89 43 0C                        	MOV	DWORD [12+EBX],EAX
   323 0000028F 8B 45 10                        	MOV	EAX,DWORD [16+EBP]
   324 00000292 89 43 10                        	MOV	DWORD [16+EBX],EAX
   325 00000295 83 7B 18 00                     	CMP	DWORD [24+EBX],0
   326 00000299 78 7C                           	JS	L64
   327 0000029B 6A 00                           	PUSH	0
   328 0000029D 89 F0                           	MOV	EAX,ESI
   329 0000029F 03 43 08                        	ADD	EAX,DWORD [8+EBX]
   330 000002A2 50                              	PUSH	EAX
   331 000002A3 89 F8                           	MOV	EAX,EDI
   332 000002A5 03 43 04                        	ADD	EAX,DWORD [4+EBX]
   333 000002A8 50                              	PUSH	EAX
   334 000002A9 56                              	PUSH	ESI
   335 000002AA 57                              	PUSH	EDI
   336 000002AB FF 73 20                        	PUSH	DWORD [32+EBX]
   337 000002AE E8 000001F5                     	CALL	_sheet_refreshmap
   338 000002B3 8B 45 10                        	MOV	EAX,DWORD [16+EBP]
   339 000002B6 FF 73 18                        	PUSH	DWORD [24+EBX]
   340 000002B9 03 43 08                        	ADD	EAX,DWORD [8+EBX]
   341 000002BC 50                              	PUSH	EAX
   342 000002BD 8B 45 0C                        	MOV	EAX,DWORD [12+EBP]
   343 000002C0 03 43 04                        	ADD	EAX,DWORD [4+EBX]
   344 000002C3 50                              	PUSH	EAX
   345 000002C4 FF 75 10                        	PUSH	DWORD [16+EBP]
   346 000002C7 FF 75 0C                        	PUSH	DWORD [12+EBP]
   347 000002CA FF 73 20                        	PUSH	DWORD [32+EBX]
   348 000002CD E8 000001D6                     	CALL	_sheet_refreshmap
   349 000002D2 8B 43 18                        	MOV	EAX,DWORD [24+EBX]
   350 000002D5 83 C4 30                        	ADD	ESP,48
   351 000002D8 48                              	DEC	EAX
   352 000002D9 50                              	PUSH	EAX
   353 000002DA 89 F0                           	MOV	EAX,ESI
   354 000002DC 6A 00                           	PUSH	0
   355 000002DE 03 43 08                        	ADD	EAX,DWORD [8+EBX]
   356 000002E1 50                              	PUSH	EAX
   357 000002E2 89 F8                           	MOV	EAX,EDI
   358 000002E4 03 43 04                        	ADD	EAX,DWORD [4+EBX]
   359 000002E7 50                              	PUSH	EAX
   360 000002E8 56                              	PUSH	ESI
   361 000002E9 57                              	PUSH	EDI
   362 000002EA FF 73 20                        	PUSH	DWORD [32+EBX]
   363 000002ED E8 00000052                     	CALL	_sheet_refreshsub
   364 000002F2 8B 45 10                        	MOV	EAX,DWORD [16+EBP]
   365 000002F5 FF 73 18                        	PUSH	DWORD [24+EBX]
   366 000002F8 FF 73 18                        	PUSH	DWORD [24+EBX]
   367 000002FB 03 43 08                        	ADD	EAX,DWORD [8+EBX]
   368 000002FE 50                              	PUSH	EAX
   369 000002FF 8B 45 0C                        	MOV	EAX,DWORD [12+EBP]
   370 00000302 03 43 04                        	ADD	EAX,DWORD [4+EBX]
   371 00000305 50                              	PUSH	EAX
   372 00000306 FF 75 10                        	PUSH	DWORD [16+EBP]
   373 00000309 FF 75 0C                        	PUSH	DWORD [12+EBP]
   374 0000030C FF 73 20                        	PUSH	DWORD [32+EBX]
   375 0000030F E8 00000030                     	CALL	_sheet_refreshsub
   376 00000314 83 C4 38                        	ADD	ESP,56
   377 00000317                                 L64:
   378 00000317 8D 65 F4                        	LEA	ESP,DWORD [-12+EBP]
   379 0000031A 5B                              	POP	EBX
   380 0000031B 5E                              	POP	ESI
   381 0000031C 5F                              	POP	EDI
   382 0000031D 5D                              	POP	EBP
   383 0000031E C3                              	RET
   384 0000031F 90                              	ALIGN	2
   385 00000320                                 	GLOBAL	_sheet_free
   386 00000320                                 _sheet_free:
   387 00000320 55                              	PUSH	EBP
   388 00000321 89 E5                           	MOV	EBP,ESP
   389 00000323 53                              	PUSH	EBX
   390 00000324 8B 5D 08                        	MOV	EBX,DWORD [8+EBP]
   391 00000327 83 7B 18 00                     	CMP	DWORD [24+EBX],0
   392 0000032B 78 0A                           	JS	L67
   393 0000032D 6A FF                           	PUSH	-1
   394 0000032F 53                              	PUSH	EBX
   395 00000330 E8 FFFFFDA3                     	CALL	_sheet_updown
   396 00000335 58                              	POP	EAX
   397 00000336 5A                              	POP	EDX
   398 00000337                                 L67:
   399 00000337 C7 43 1C 00000000               	MOV	DWORD [28+EBX],0
   400 0000033E 8B 5D FC                        	MOV	EBX,DWORD [-4+EBP]
   401 00000341 C9                              	LEAVE
   402 00000342 C3                              	RET
   403 00000343 90                              	ALIGN	2
   404 00000344                                 	GLOBAL	_sheet_refreshsub
   405 00000344                                 _sheet_refreshsub:
   406 00000344 55                              	PUSH	EBP
   407 00000345 89 E5                           	MOV	EBP,ESP
   408 00000347 57                              	PUSH	EDI
   409 00000348 56                              	PUSH	ESI
   410 00000349 53                              	PUSH	EBX
   411 0000034A 83 EC 2C                        	SUB	ESP,44
   412 0000034D 8B 45 08                        	MOV	EAX,DWORD [8+EBP]
   413 00000350 8B 55 08                        	MOV	EDX,DWORD [8+EBP]
   414 00000353 83 7D 0C 00                     	CMP	DWORD [12+EBP],0
   415 00000357 8B 00                           	MOV	EAX,DWORD [EAX]
   416 00000359 8B 52 04                        	MOV	EDX,DWORD [4+EDX]
   417 0000035C 89 45 D8                        	MOV	DWORD [-40+EBP],EAX
   418 0000035F 89 55 D4                        	MOV	DWORD [-44+EBP],EDX
   419 00000362 0F 88 00000133                  	JS	L99
   420 00000368                                 L69:
   421 00000368 83 7D 10 00                     	CMP	DWORD [16+EBP],0
   422 0000036C 0F 88 0000011D                  	JS	L100
   423 00000372                                 L70:
   424 00000372 8B 75 08                        	MOV	ESI,DWORD [8+EBP]
   425 00000375 8B 46 08                        	MOV	EAX,DWORD [8+ESI]
   426 00000378 39 45 14                        	CMP	DWORD [20+EBP],EAX
   427 0000037B 7E 03                           	JLE	L71
   428 0000037D 89 45 14                        	MOV	DWORD [20+EBP],EAX
   429 00000380                                 L71:
   430 00000380 8B 7D 08                        	MOV	EDI,DWORD [8+EBP]
   431 00000383 8B 47 0C                        	MOV	EAX,DWORD [12+EDI]
   432 00000386 39 45 18                        	CMP	DWORD [24+EBP],EAX
   433 00000389 7E 03                           	JLE	L72
   434 0000038B 89 45 18                        	MOV	DWORD [24+EBP],EAX
   435 0000038E                                 L72:
   436 0000038E 8B 45 1C                        	MOV	EAX,DWORD [28+EBP]
   437 00000391 8B 55 20                        	MOV	EDX,DWORD [32+EBP]
   438 00000394 89 45 F0                        	MOV	DWORD [-16+EBP],EAX
   439 00000397 39 D0                           	CMP	EAX,EDX
   440 00000399 0F 8F 000000BC                  	JG	L94
   441 0000039F                                 L92:
   442 0000039F 8B 7D 08                        	MOV	EDI,DWORD [8+EBP]
   443 000003A2 8B 75 F0                        	MOV	ESI,DWORD [-16+EBP]
   444 000003A5 8B 4D 10                        	MOV	ECX,DWORD [16+EBP]
   445 000003A8 8B 5C B7 14                     	MOV	EBX,DWORD [20+EDI+ESI*4]
   446 000003AC 8B 75 14                        	MOV	ESI,DWORD [20+EBP]
   447 000003AF 8B 03                           	MOV	EAX,DWORD [EBX]
   448 000003B1 8B 53 10                        	MOV	EDX,DWORD [16+EBX]
   449 000003B4 89 45 E0                        	MOV	DWORD [-32+EBP],EAX
   450 000003B7 29 D1                           	SUB	ECX,EDX
   451 000003B9 89 D8                           	MOV	EAX,EBX
   452 000003BB 29 F8                           	SUB	EAX,EDI
   453 000003BD 8B 7D 18                        	MOV	EDI,DWORD [24+EBP]
   454 000003C0 2D 00000414                     	SUB	EAX,1044
   455 000003C5 29 D7                           	SUB	EDI,EDX
   456 000003C7 C1 F8 02                        	SAR	EAX,2
   457 000003CA 8B 55 0C                        	MOV	EDX,DWORD [12+EBP]
   458 000003CD 69 C0 38E38E39                  	IMUL	EAX,EAX,954437177
   459 000003D3 88 45 DF                        	MOV	BYTE [-33+EBP],AL
   460 000003D6 89 7D C8                        	MOV	DWORD [-56+EBP],EDI
   461 000003D9 8B 43 0C                        	MOV	EAX,DWORD [12+EBX]
   462 000003DC 29 C6                           	SUB	ESI,EAX
   463 000003DE 29 C2                           	SUB	EDX,EAX
   464 000003E0 89 75 E4                        	MOV	DWORD [-28+EBP],ESI
   465 000003E3 89 55 E8                        	MOV	DWORD [-24+EBP],EDX
   466 000003E6 0F 88 00000097                  	JS	L101
   467 000003EC                                 L77:
   468 000003EC 85 C9                           	TEST	ECX,ECX
   469 000003EE 0F 88 00000088                  	JS	L102
   470 000003F4                                 L78:
   471 000003F4 8B 43 04                        	MOV	EAX,DWORD [4+EBX]
   472 000003F7 39 45 E4                        	CMP	DWORD [-28+EBP],EAX
   473 000003FA 7E 03                           	JLE	L79
   474 000003FC 89 45 E4                        	MOV	DWORD [-28+EBP],EAX
   475 000003FF                                 L79:
   476 000003FF 8B 43 08                        	MOV	EAX,DWORD [8+EBX]
   477 00000402 39 45 C8                        	CMP	DWORD [-56+EBP],EAX
   478 00000405 7E 03                           	JLE	L80
   479 00000407 89 45 C8                        	MOV	DWORD [-56+EBP],EAX
   480 0000040A                                 L80:
   481 0000040A 89 CE                           	MOV	ESI,ECX
   482 0000040C 3B 4D C8                        	CMP	ECX,DWORD [-56+EBP]
   483 0000040F 7D 3B                           	JGE	L96
   484 00000411                                 L91:
   485 00000411 8B 7B 10                        	MOV	EDI,DWORD [16+EBX]
   486 00000414 8B 4D E8                        	MOV	ECX,DWORD [-24+EBP]
   487 00000417 01 F7                           	ADD	EDI,ESI
   488 00000419 3B 4D E4                        	CMP	ECX,DWORD [-28+EBP]
   489 0000041C 89 7D EC                        	MOV	DWORD [-20+EBP],EDI
   490 0000041F 7D 25                           	JGE	L98
   491 00000421                                 L90:
   492 00000421 8B 55 08                        	MOV	EDX,DWORD [8+EBP]
   493 00000424 8B 7D EC                        	MOV	EDI,DWORD [-20+EBP]
   494 00000427 8B 43 0C                        	MOV	EAX,DWORD [12+EBX]
   495 0000042A 0F AF 7A 08                     	IMUL	EDI,DWORD [8+EDX]
   496 0000042E 01 C8                           	ADD	EAX,ECX
   497 00000430 8A 55 DF                        	MOV	DL,BYTE [-33+EBP]
   498 00000433 01 F8                           	ADD	EAX,EDI
   499 00000435 8B 7D D4                        	MOV	EDI,DWORD [-44+EBP]
   500 00000438 89 45 CC                        	MOV	DWORD [-52+EBP],EAX
   501 0000043B 38 14 38                        	CMP	BYTE [EAX+EDI*1],DL
   502 0000043E 74 23                           	JE	L103
   503 00000440                                 L87:
   504 00000440 41                              	INC	ECX
   505 00000441 3B 4D E4                        	CMP	ECX,DWORD [-28+EBP]
   506 00000444 7C DB                           	JL	L90
   507 00000446                                 L98:
   508 00000446 46                              	INC	ESI
   509 00000447 3B 75 C8                        	CMP	ESI,DWORD [-56+EBP]
   510 0000044A 7C C5                           	JL	L91
   511 0000044C                                 L96:
   512 0000044C 8B 75 20                        	MOV	ESI,DWORD [32+EBP]
   513 0000044F FF 45 F0                        	INC	DWORD [-16+EBP]
   514 00000452 39 75 F0                        	CMP	DWORD [-16+EBP],ESI
   515 00000455 0F 8E FFFFFF44                  	JLE	L92
   516 0000045B                                 L94:
   517 0000045B 83 C4 2C                        	ADD	ESP,44
   518 0000045E 5B                              	POP	EBX
   519 0000045F 5E                              	POP	ESI
   520 00000460 5F                              	POP	EDI
   521 00000461 5D                              	POP	EBP
   522 00000462 C3                              	RET
   523 00000463                                 L103:
   524 00000463 89 F0                           	MOV	EAX,ESI
   525 00000465 8B 55 E0                        	MOV	EDX,DWORD [-32+EBP]
   526 00000468 0F AF 43 04                     	IMUL	EAX,DWORD [4+EBX]
   527 0000046C 01 C8                           	ADD	EAX,ECX
   528 0000046E 8B 7D D8                        	MOV	EDI,DWORD [-40+EBP]
   529 00000471 8A 04 10                        	MOV	AL,BYTE [EAX+EDX*1]
   530 00000474 8B 55 CC                        	MOV	EDX,DWORD [-52+EBP]
   531 00000477 88 04 3A                        	MOV	BYTE [EDX+EDI*1],AL
   532 0000047A EB C4                           	JMP	L87
   533 0000047C                                 L102:
   534 0000047C 31 C9                           	XOR	ECX,ECX
   535 0000047E E9 FFFFFF71                     	JMP	L78
   536 00000483                                 L101:
   537 00000483 C7 45 E8 00000000               	MOV	DWORD [-24+EBP],0
   538 0000048A E9 FFFFFF5D                     	JMP	L77
   539 0000048F                                 L100:
   540 0000048F C7 45 10 00000000               	MOV	DWORD [16+EBP],0
   541 00000496 E9 FFFFFED7                     	JMP	L70
   542 0000049B                                 L99:
   543 0000049B C7 45 0C 00000000               	MOV	DWORD [12+EBP],0
   544 000004A2 E9 FFFFFEC1                     	JMP	L69
   545 000004A7 90                              	ALIGN	2
   546 000004A8                                 	GLOBAL	_sheet_refreshmap
   547 000004A8                                 _sheet_refreshmap:
   548 000004A8 55                              	PUSH	EBP
   549 000004A9 89 E5                           	MOV	EBP,ESP
   550 000004AB 57                              	PUSH	EDI
   551 000004AC 56                              	PUSH	ESI
   552 000004AD 53                              	PUSH	EBX
   553 000004AE 83 EC 28                        	SUB	ESP,40
   554 000004B1 8B 45 08                        	MOV	EAX,DWORD [8+EBP]
   555 000004B4 83 7D 0C 00                     	CMP	DWORD [12+EBP],0
   556 000004B8 8B 40 04                        	MOV	EAX,DWORD [4+EAX]
   557 000004BB 89 45 D8                        	MOV	DWORD [-40+EBP],EAX
   558 000004BE 0F 88 00000135                  	JS	L135
   559 000004C4                                 L105:
   560 000004C4 83 7D 10 00                     	CMP	DWORD [16+EBP],0
   561 000004C8 0F 88 0000011F                  	JS	L136
   562 000004CE                                 L106:
   563 000004CE 8B 55 08                        	MOV	EDX,DWORD [8+EBP]
   564 000004D1 8B 42 08                        	MOV	EAX,DWORD [8+EDX]
   565 000004D4 39 45 14                        	CMP	DWORD [20+EBP],EAX
   566 000004D7 7E 03                           	JLE	L107
   567 000004D9 89 45 14                        	MOV	DWORD [20+EBP],EAX
   568 000004DC                                 L107:
   569 000004DC 8B 75 08                        	MOV	ESI,DWORD [8+EBP]
   570 000004DF 8B 46 0C                        	MOV	EAX,DWORD [12+ESI]
   571 000004E2 39 45 18                        	CMP	DWORD [24+EBP],EAX
   572 000004E5 7E 03                           	JLE	L108
   573 000004E7 89 45 18                        	MOV	DWORD [24+EBP],EAX
   574 000004EA                                 L108:
   575 000004EA 8B 45 08                        	MOV	EAX,DWORD [8+EBP]
   576 000004ED 8B 7D 1C                        	MOV	EDI,DWORD [28+EBP]
   577 000004F0 89 7D F0                        	MOV	DWORD [-16+EBP],EDI
   578 000004F3 3B 78 10                        	CMP	EDI,DWORD [16+EAX]
   579 000004F6 0F 8F 000000D6                  	JG	L130
   580 000004FC                                 L128:
   581 000004FC 8B 75 08                        	MOV	ESI,DWORD [8+EBP]
   582 000004FF 8B 55 F0                        	MOV	EDX,DWORD [-16+EBP]
   583 00000502 8B 5D 10                        	MOV	EBX,DWORD [16+EBP]
   584 00000505 8B 4C 96 14                     	MOV	ECX,DWORD [20+ESI+EDX*4]
   585 00000509 89 C8                           	MOV	EAX,ECX
   586 0000050B 29 F0                           	SUB	EAX,ESI
   587 0000050D 8B 39                           	MOV	EDI,DWORD [ECX]
   588 0000050F 2D 00000414                     	SUB	EAX,1044
   589 00000514 8B 51 10                        	MOV	EDX,DWORD [16+ECX]
   590 00000517 C1 F8 02                        	SAR	EAX,2
   591 0000051A 89 7D E0                        	MOV	DWORD [-32+EBP],EDI
   592 0000051D 69 C0 38E38E39                  	IMUL	EAX,EAX,954437177
   593 00000523 8B 7D 18                        	MOV	EDI,DWORD [24+EBP]
   594 00000526 29 D3                           	SUB	EBX,EDX
   595 00000528 29 D7                           	SUB	EDI,EDX
   596 0000052A 88 45 DF                        	MOV	BYTE [-33+EBP],AL
   597 0000052D 8B 75 14                        	MOV	ESI,DWORD [20+EBP]
   598 00000530 8B 55 0C                        	MOV	EDX,DWORD [12+EBP]
   599 00000533 8B 41 0C                        	MOV	EAX,DWORD [12+ECX]
   600 00000536 89 7D D4                        	MOV	DWORD [-44+EBP],EDI
   601 00000539 29 C6                           	SUB	ESI,EAX
   602 0000053B 29 C2                           	SUB	EDX,EAX
   603 0000053D 89 75 CC                        	MOV	DWORD [-52+EBP],ESI
   604 00000540 89 55 E4                        	MOV	DWORD [-28+EBP],EDX
   605 00000543 0F 88 00000098                  	JS	L137
   606 00000549                                 L113:
   607 00000549 85 DB                           	TEST	EBX,EBX
   608 0000054B 0F 88 00000089                  	JS	L138
   609 00000551                                 L114:
   610 00000551 8B 41 04                        	MOV	EAX,DWORD [4+ECX]
   611 00000554 39 45 CC                        	CMP	DWORD [-52+EBP],EAX
   612 00000557 7E 03                           	JLE	L115
   613 00000559 89 45 CC                        	MOV	DWORD [-52+EBP],EAX
   614 0000055C                                 L115:
   615 0000055C 8B 41 08                        	MOV	EAX,DWORD [8+ECX]
   616 0000055F 39 45 D4                        	CMP	DWORD [-44+EBP],EAX
   617 00000562 7E 03                           	JLE	L116
   618 00000564 89 45 D4                        	MOV	DWORD [-44+EBP],EAX
   619 00000567                                 L116:
   620 00000567 3B 5D D4                        	CMP	EBX,DWORD [-44+EBP]
   621 0000056A 7D 54                           	JGE	L132
   622 0000056C                                 L127:
   623 0000056C 8B 71 10                        	MOV	ESI,DWORD [16+ECX]
   624 0000056F 8B 55 E4                        	MOV	EDX,DWORD [-28+EBP]
   625 00000572 01 DE                           	ADD	ESI,EBX
   626 00000574 3B 55 CC                        	CMP	EDX,DWORD [-52+EBP]
   627 00000577 89 75 E8                        	MOV	DWORD [-24+EBP],ESI
   628 0000057A 7D 3E                           	JGE	L134
   629 0000057C                                 L126:
   630 0000057C 89 D8                           	MOV	EAX,EBX
   631 0000057E 8B 79 0C                        	MOV	EDI,DWORD [12+ECX]
   632 00000581 0F AF 41 04                     	IMUL	EAX,DWORD [4+ECX]
   633 00000585 01 D7                           	ADD	EDI,EDX
   634 00000587 8B 75 E0                        	MOV	ESI,DWORD [-32+EBP]
   635 0000058A 01 D0                           	ADD	EAX,EDX
   636 0000058C 89 7D EC                        	MOV	DWORD [-20+EBP],EDI
   637 0000058F 0F B6 34 30                     	MOVZX	ESI,BYTE [EAX+ESI*1]
   638 00000593 3B 71 14                        	CMP	ESI,DWORD [20+ECX]
   639 00000596 74 1C                           	JE	L123
   640 00000598 8B 7D 08                        	MOV	EDI,DWORD [8+EBP]
   641 0000059B 8B 45 E8                        	MOV	EAX,DWORD [-24+EBP]
   642 0000059E 8B 75 D8                        	MOV	ESI,DWORD [-40+EBP]
   643 000005A1 0F AF 47 08                     	IMUL	EAX,DWORD [8+EDI]
   644 000005A5 03 45 EC                        	ADD	EAX,DWORD [-20+EBP]
   645 000005A8 89 45 D0                        	MOV	DWORD [-48+EBP],EAX
   646 000005AB 8A 45 DF                        	MOV	AL,BYTE [-33+EBP]
   647 000005AE 8B 7D D0                        	MOV	EDI,DWORD [-48+EBP]
   648 000005B1 88 04 37                        	MOV	BYTE [EDI+ESI*1],AL
   649 000005B4                                 L123:
   650 000005B4 42                              	INC	EDX
   651 000005B5 3B 55 CC                        	CMP	EDX,DWORD [-52+EBP]
   652 000005B8 7C C2                           	JL	L126
   653 000005BA                                 L134:
   654 000005BA 43                              	INC	EBX
   655 000005BB 3B 5D D4                        	CMP	EBX,DWORD [-44+EBP]
   656 000005BE 7C AC                           	JL	L127
   657 000005C0                                 L132:
   658 000005C0 8B 55 08                        	MOV	EDX,DWORD [8+EBP]
   659 000005C3 FF 45 F0                        	INC	DWORD [-16+EBP]
   660 000005C6 8B 45 F0                        	MOV	EAX,DWORD [-16+EBP]
   661 000005C9 3B 42 10                        	CMP	EAX,DWORD [16+EDX]
   662 000005CC 0F 8E FFFFFF2A                  	JLE	L128
   663 000005D2                                 L130:
   664 000005D2 83 C4 28                        	ADD	ESP,40
   665 000005D5 5B                              	POP	EBX
   666 000005D6 5E                              	POP	ESI
   667 000005D7 5F                              	POP	EDI
   668 000005D8 5D                              	POP	EBP
   669 000005D9 C3                              	RET
   670 000005DA                                 L138:
   671 000005DA 31 DB                           	XOR	EBX,EBX
   672 000005DC E9 FFFFFF70                     	JMP	L114
   673 000005E1                                 L137:
   674 000005E1 C7 45 E4 00000000               	MOV	DWORD [-28+EBP],0
   675 000005E8 E9 FFFFFF5C                     	JMP	L113
   676 000005ED                                 L136:
   677 000005ED C7 45 10 00000000               	MOV	DWORD [16+EBP],0
   678 000005F4 E9 FFFFFED5                     	JMP	L106
   679 000005F9                                 L135:
   680 000005F9 C7 45 0C 00000000               	MOV	DWORD [12+EBP],0
   681 00000600 E9 FFFFFEBF                     	JMP	L105
